Component: ARM Compiler 5.06 update 6 (build 750) Tool: armlink [4d35ed]

==============================================================================

Section Cross References

    main.o(i.GPIOF_Button_IRQHandler) refers to main.o(.data) for SW2_Pressed
    main.o(i.GUI_AppDraw) refers to _printf_percent.o(.ARM.Collect$$_printf_percent$$00000000) for _printf_percent
    main.o(i.GUI_AppDraw) refers to _printf_c.o(.ARM.Collect$$_printf_percent$$00000013) for _printf_c
    main.o(i.GUI_AppDraw) refers to _printf_str.o(.text) for _printf_str
    main.o(i.GUI_AppDraw) refers to _printf_f.o(.ARM.Collect$$_printf_percent$$00000003) for _printf_f
    main.o(i.GUI_AppDraw) refers to printf1.o(x$fpl$printf1) for _printf_fp_dec
    main.o(i.GUI_AppDraw) refers to _printf_pad.o(.text) for _printf_pre_padding
    main.o(i.GUI_AppDraw) refers to _printf_u.o(.ARM.Collect$$_printf_percent$$0000000A) for _printf_u
    main.o(i.GUI_AppDraw) refers to _printf_dec.o(.text) for _printf_int_dec
    main.o(i.GUI_AppDraw) refers to gui.o(i.GUI_Clear) for GUI_Clear
    main.o(i.GUI_AppDraw) refers to gui.o(i.GUI_SetColor) for GUI_SetColor
    main.o(i.GUI_AppDraw) refers to gui.o(i.GUI_DrawFilledRect) for GUI_DrawFilledRect
    main.o(i.GUI_AppDraw) refers to gui.o(i.GUI_SetFont) for GUI_SetFont
    main.o(i.GUI_AppDraw) refers to gui.o(i.GUI_PrintString) for GUI_PrintString
    main.o(i.GUI_AppDraw) refers to noretval__2sprintf.o(.text) for __2sprintf
    main.o(i.GUI_AppDraw) refers to f2d.o(x$fpl$f2d) for __aeabi_f2d
    main.o(i.GUI_AppDraw) refers to daddsub_clz.o(x$fpl$dadd) for __aeabi_dadd
    main.o(i.GUI_AppDraw) refers to drleqf.o(x$fpl$drleqf) for __aeabi_cdrcmple
    main.o(i.GUI_AppDraw) refers to daddsub_clz.o(x$fpl$dsub) for __aeabi_dsub
    main.o(i.GUI_AppDraw) refers to dleqf.o(x$fpl$dleqf) for __aeabi_cdcmple
    main.o(i.GUI_AppDraw) refers to gui.o(i.GUI_DrawBitmap) for GUI_DrawBitmap
    main.o(i.GUI_AppDraw) refers to fontarialbold12.o(.constdata) for FONT_Arialbold12
    main.o(i.GUI_AppDraw) refers to fontarialbold24.o(.constdata) for FONT_Arialbold24
    main.o(i.GUI_AppDraw) refers to main.o(.data) for print_H
    main.o(i.GUI_AppDraw) refers to gui.o(i.GUI_SetFontBackColor) for GUI_SetFontBackColor
    main.o(i.SysTick_Handler) refers to main.o(.data) for g_nADCUpdate
    main.o(i.main) refers to _printf_percent.o(.ARM.Collect$$_printf_percent$$00000000) for _printf_percent
    main.o(i.main) refers to _printf_d.o(.ARM.Collect$$_printf_percent$$00000009) for _printf_d
    main.o(i.main) refers to _printf_dec.o(.text) for _printf_int_dec
    main.o(i.main) refers to hal.o(i.Port_Init) for Port_Init
    main.o(i.main) refers to system_tm4c123.o(i.SystemCoreClockUpdate) for SystemCoreClockUpdate
    main.o(i.main) refers to main.o(i.__NVIC_SetPriority) for __NVIC_SetPriority
    main.o(i.main) refers to spim.o(i.SpimInit) for SpimInit
    main.o(i.main) refers to main.o(i.main_LcdInit) for main_LcdInit
    main.o(i.main) refers to main.o(i.main_AdcInit) for main_AdcInit
    main.o(i.main) refers to irq.o(i.IRQ_Init) for IRQ_Init
    main.o(i.main) refers to i2c.o(i.I2CInit) for I2CInit
    main.o(i.main) refers to i2c.o(i.I2CAddCallback) for I2CAddCallback
    main.o(i.main) refers to i2c_sensors.o(i.AHT10_Init) for AHT10_Init
    main.o(i.main) refers to i2c_sensors.o(i.I2CExpander_Init) for I2CExpander_Init
    main.o(i.main) refers to noretval__2printf.o(.text) for __2printf
    main.o(i.main) refers to f2d.o(x$fpl$f2d) for __aeabi_f2d
    main.o(i.main) refers to daddsub_clz.o(x$fpl$dadd) for __aeabi_dadd
    main.o(i.main) refers to drleqf.o(x$fpl$drleqf) for __aeabi_cdrcmple
    main.o(i.main) refers to daddsub_clz.o(x$fpl$dsub) for __aeabi_dsub
    main.o(i.main) refers to dleqf.o(x$fpl$dleqf) for __aeabi_cdcmple
    main.o(i.main) refers to system_tm4c123.o(.data) for SystemCoreClock
    main.o(i.main) refers to main.o(.bss) for g_SpimHandle
    main.o(i.main) refers to main.o(i.main_cbI2C0Isdone) for main_cbI2C0Isdone
    main.o(i.main) refers to main.o(.data) for g_MCP23017
    main.o(i.main) refers to main.o(i.motor_output) for motor_output
    main.o(i.main) refers to i2c_sensors.o(i.write_I2CExpander) for write_I2CExpander
    main.o(i.main) refers to main.o(i.main_KeyScan) for main_KeyScan
    main.o(i.main) refers to gui.o(i.GUI_Draw_Exe) for GUI_Draw_Exe
    main.o(i.main) refers to main.o(i.main_AdcUpdate) for main_AdcUpdate
    main.o(i.main_AdcUpdate) refers to dflt_clz.o(x$fpl$dfltu) for __aeabi_ui2d
    main.o(i.main_AdcUpdate) refers to daddsub_clz.o(x$fpl$dsub) for __aeabi_dsub
    main.o(i.main_AdcUpdate) refers to ddiv.o(x$fpl$ddiv) for __aeabi_ddiv
    main.o(i.main_AdcUpdate) refers to d2f.o(x$fpl$d2f) for __aeabi_d2f
    main.o(i.main_AdcUpdate) refers to dmul.o(x$fpl$dmul) for __aeabi_dmul
    main.o(i.main_AdcUpdate) refers to f2d.o(x$fpl$f2d) for __aeabi_f2d
[...]
    i.GUI_DrawHortLine                       0x00001f70   Section        0  gui.o(i.GUI_DrawHortLine)
    i.GUI_Draw_Exe                           0x00001fd0   Section        0  gui.o(i.GUI_Draw_Exe)
    i.GUI_Init                               0x00002080   Section        0  gui.o(i.GUI_Init)
    i.GUI_PrintChar                          0x000020cc   Section        0  gui.o(i.GUI_PrintChar)
    i.GUI_PrintString                        0x00002374   Section        0  gui.o(i.GUI_PrintString)
    i.GUI_SetColor                           0x000023f8   Section        0  gui.o(i.GUI_SetColor)
    i.GUI_SetFont                            0x0000241c   Section        0  gui.o(i.GUI_SetFont)
    i.GUI_SetFontBackColor                   0x00002428   Section        0  gui.o(i.GUI_SetFontBackColor)
    i.GUI_WriteMem                           0x0000244c   Section        0  gui.o(i.GUI_WriteMem)
    GUI_WriteMem                             0x0000244d   Thumb Code   114  gui.o(i.GUI_WriteMem)
    i.HardFault_Handler                      0x000024c4   Section        0  bsp.o(i.HardFault_Handler)
    i.I2C0_Handler                           0x00002500   Section        0  i2c.o(i.I2C0_Handler)
    i.I2C1_Handler                           0x00002518   Section        0  i2c.o(i.I2C1_Handler)
    i.I2C2_Handler                           0x00002530   Section        0  i2c.o(i.I2C2_Handler)
    i.I2C3_Handler                           0x00002548   Section        0  i2c.o(i.I2C3_Handler)
    i.I2CAddCallback                         0x00002560   Section        0  i2c.o(i.I2CAddCallback)
    i.I2CExpander_Init                       0x00002564   Section        0  i2c_sensors.o(i.I2CExpander_Init)
    i.I2CInit                                0x000025d4   Section        0  i2c.o(i.I2CInit)
    i.I2CWrite                               0x000026f8   Section        0  i2c.o(i.I2CWrite)
    i.IRQ_Init                               0x00002730   Section        0  irq.o(i.IRQ_Init)
    i.LCD_AddCallback                        0x00002740   Section        0  lcd_st7735r.o(i.LCD_AddCallback)
    i.LCD_GetSize                            0x0000274c   Section        0  lcd_st7735r.o(i.LCD_GetSize)
    i.LCD_WriteDataPixel                     0x00002764   Section        0  lcd_st7735r.o(i.LCD_WriteDataPixel)
    i.LcdInit                                0x000027d0   Section        0  lcd_st7735r.o(i.LcdInit)
    i.Port_Init                              0x00002a9c   Section        0  hal.o(i.Port_Init)
    i.SPI_Handler                            0x00003120   Section        0  spim.o(i.SPI_Handler)
    SPI_Handler                              0x00003121   Thumb Code   166  spim.o(i.SPI_Handler)
    i.SSI0_Handler                           0x000031c8   Section        0  spim.o(i.SSI0_Handler)
    i.SSI1_Handler                           0x000031d8   Section        0  spim.o(i.SSI1_Handler)
    i.SSI2_Handler                           0x000031e8   Section        0  spim.o(i.SSI2_Handler)
    i.SSI3_Handler                           0x000031f8   Section        0  spim.o(i.SSI3_Handler)
    i.SpimAddCallbackTransferDone            0x00003208   Section        0  spim.o(i.SpimAddCallbackTransferDone)
    i.SpimInit                               0x00003210   Section        0  spim.o(i.SpimInit)
    i.SpimSetDataSize                        0x000034cc   Section        0  spim.o(i.SpimSetDataSize)
    i.SpimTransfer                           0x00003646   Section        0  spim.o(i.SpimTransfer)
    i.SysTick_Handler                        0x00003690   Section        0  main.o(i.SysTick_Handler)
    i.SystemCoreClockUpdate                  0x000038c0   Section        0  system_tm4c123.o(i.SystemCoreClockUpdate)
    i.SystemInit                             0x00003994   Section        0  system_tm4c123.o(i.SystemInit)
    i.__ARM_fpclassify                       0x00003a80   Section        0  fpclassify.o(i.__ARM_fpclassify)
    i.__NVIC_EnableIRQ                       0x00003ab0   Section        0  irq.o(i.__NVIC_EnableIRQ)
    __NVIC_EnableIRQ                         0x00003ab1   Thumb Code    34  irq.o(i.__NVIC_EnableIRQ)
    i.__NVIC_SetPriority                     0x00003ad4   Section        0  main.o(i.__NVIC_SetPriority)
    __NVIC_SetPriority                       0x00003ad5   Thumb Code    32  main.o(i.__NVIC_SetPriority)
    i._is_digit                              0x00003afc   Section        0  __printf_wp.o(i._is_digit)
    i.fputc                                  0x00003b0a   Section        0  retarget.o(i.fputc)
    i.i2c_IRQHandler                         0x00003b1a   Section        0  i2c.o(i.i2c_IRQHandler)
    i2c_IRQHandler                           0x00003b1b   Thumb Code   422  i2c.o(i.i2c_IRQHandler)
    i.lcd_Delayms                            0x00003cc0   Section        0  lcd_st7735r.o(i.lcd_Delayms)
    lcd_Delayms                              0x00003cc1   Thumb Code    34  lcd_st7735r.o(i.lcd_Delayms)
    i.lcd_WriteCmd                           0x00003ce8   Section        0  lcd_st7735r.o(i.lcd_WriteCmd)
    lcd_WriteCmd                             0x00003ce9   Thumb Code    86  lcd_st7735r.o(i.lcd_WriteCmd)
    i.lcd_WriteData                          0x00003d50   Section        0  lcd_st7735r.o(i.lcd_WriteData)
    lcd_WriteData                            0x00003d51   Thumb Code    86  lcd_st7735r.o(i.lcd_WriteData)
    i.lcd_WriteMultipleByte                  0x00003db8   Section        0  lcd_st7735r.o(i.lcd_WriteMultipleByte)
    lcd_WriteMultipleByte                    0x00003db9   Thumb Code    84  lcd_st7735r.o(i.lcd_WriteMultipleByte)
    i.lcd_cbSpiDone                          0x00003e18   Section        0  lcd_st7735r.o(i.lcd_cbSpiDone)
    lcd_cbSpiDone                            0x00003e19   Thumb Code    40  lcd_st7735r.o(i.lcd_cbSpiDone)
    i.main                                   0x00003e4c   Section        0  main.o(i.main)
    i.main_AdcInit                           0x000048e0   Section        0  main.o(i.main_AdcInit)
    main_AdcInit                             0x000048e1   Thumb Code   108  main.o(i.main_AdcInit)
    i.main_AdcUpdate                         0x00004954   Section        0  main.o(i.main_AdcUpdate)
    main_AdcUpdate                           0x00004955   Thumb Code   272  main.o(i.main_AdcUpdate)
    i.main_KeyScan                           0x00004ab0   Section        0  main.o(i.main_KeyScan)
    main_KeyScan                             0x00004ab1   Thumb Code   518  main.o(i.main_KeyScan)
    i.main_LcdInit                           0x00004d20   Section        0  main.o(i.main_LcdInit)
    main_LcdInit                             0x00004d21   Thumb Code    96  main.o(i.main_LcdInit)
    i.main_cbGuiFrameEnd                     0x00004da0   Section        0  main.o(i.main_cbGuiFrameEnd)
    main_cbGuiFrameEnd                       0x00004da1   Thumb Code     8  main.o(i.main_cbGuiFrameEnd)
    i.main_cbI2C0Isdone                      0x00004dac   Section        0  main.o(i.main_cbI2C0Isdone)
    i.main_cbLcdTransferDone                 0x00004db8   Section        0  main.o(i.main_cbLcdTransferDone)
    main_cbLcdTransferDone                   0x00004db9   Thumb Code     8  main.o(i.main_cbLcdTransferDone)
    i.motor_output                           0x00004dc4   Section        0  main.o(i.motor_output)
    motor_output                             0x00004dc5   Thumb Code    36  main.o(i.motor_output)
    i.write_ASCII_UART0                      0x00004df8   Section        0  hal.o(i.write_ASCII_UART0)
    i.write_I2CExpander                      0x00004e10   Section        0  i2c_sensors.o(i.write_I2CExpander)
    locale$$code                             0x00004ecc   Section       44  lc_numeric_c.o(locale$$code)
    x$fpl$d2f                                0x00004ef8   Section       98  d2f.o(x$fpl$d2f)
    $v0                                      0x00004ef8   Number         0  d2f.o(x$fpl$d2f)
    x$fpl$dadd                               0x00004f5c   Section      336  daddsub_clz.o(x$fpl$dadd)
    $v0                                      0x00004f5c   Number         0  daddsub_clz.o(x$fpl$dadd)
    _dadd1                                   0x00004f6d   Thumb Code     0  daddsub_clz.o(x$fpl$dadd)
    x$fpl$dcmpinf                            0x000050ac   Section       24  dcmpi.o(x$fpl$dcmpinf)
    $v0                                      0x000050ac   Number         0  dcmpi.o(x$fpl$dcmpinf)
    x$fpl$ddiv                               0x000050c4   Section      688  ddiv.o(x$fpl$ddiv)
    $v0                                      0x000050c4   Number         0  ddiv.o(x$fpl$ddiv)
    ddiv_entry                               0x000050cb   Thumb Code     0  ddiv.o(x$fpl$ddiv)
    x$fpl$dfltu                              0x00005374   Section       38  dflt_clz.o(x$fpl$dfltu)
    $v0                                      0x00005374   Number         0  dflt_clz.o(x$fpl$dfltu)
    x$fpl$dleqf                              0x0000539c   Section      120  dleqf.o(x$fpl$dleqf)
    $v0                                      0x0000539c   Number         0  dleqf.o(x$fpl$dleqf)
    x$fpl$dmul                               0x00005414   Section      340  dmul.o(x$fpl$dmul)
    $v0                                      0x00005414   Number         0  dmul.o(x$fpl$dmul)
    x$fpl$dnaninf                            0x00005568   Section      156  dnaninf.o(x$fpl$dnaninf)
    $v0                                      0x00005568   Number         0  dnaninf.o(x$fpl$dnaninf)
    x$fpl$dretinf                            0x00005604   Section       12  dretinf.o(x$fpl$dretinf)
    $v0                                      0x00005604   Number         0  dretinf.o(x$fpl$dretinf)
    x$fpl$drleqf                             0x00005610   Section      108  drleqf.o(x$fpl$drleqf)
    $v0                                      0x00005610   Number         0  drleqf.o(x$fpl$drleqf)
    x$fpl$dsub                               0x0000567c   Section      468  daddsub_clz.o(x$fpl$dsub)
    $v0                                      0x0000567c   Number         0  daddsub_clz.o(x$fpl$dsub)
    _dsub1                                   0x0000568d   Thumb Code     0  daddsub_clz.o(x$fpl$dsub)
    x$fpl$f2d                                0x00005850   Section       86  f2d.o(x$fpl$f2d)
    $v0                                      0x00005850   Number         0  f2d.o(x$fpl$f2d)
    x$fpl$fnaninf                            0x000058a6   Section      140  fnaninf.o(x$fpl$fnaninf)
    $v0                                      0x000058a6   Number         0  fnaninf.o(x$fpl$fnaninf)
    x$fpl$fpinit                             0x00005932   Section       10  fpinit.o(x$fpl$fpinit)
    $v0                                      0x00005932   Number         0  fpinit.o(x$fpl$fpinit)
    x$fpl$fretinf                            0x0000593c   Section       10  fretinf.o(x$fpl$fretinf)
    $v0                                      0x0000593c   Number         0  fretinf.o(x$fpl$fretinf)
    x$fpl$printf1                            0x00005946   Section        4  printf1.o(x$fpl$printf1)
    $v0                                      0x00005946   Number         0  printf1.o(x$fpl$printf1)
    x$fpl$usenofp                            0x0000594a   Section        0  usenofp.o(x$fpl$usenofp)
    .constdata                               0x0000594c   Section     3300  main.o(.constdata)
    .constdata                               0x00006630   Section     1704  fontarialbold12.o(.constdata)
    g_pucArialbold12Data                     0x00006630   Data        1503  fontarialbold12.o(.constdata)
    .constdata                               0x00006cd8   Section     2788  fontarialbold24.o(.constdata)
    g_pucArialbold24Data                     0x00006cd8   Data        2587  fontarialbold24.o(.constdata)
    .constdata                               0x000077bc   Section      108  system_tm4c123.o(.constdata)
    XTAL_NO_PLL                              0x000077bc   Data         108  system_tm4c123.o(.constdata)
    .constdata                               0x00007828   Section     1047  font_calibri10.o(.constdata)
    g_pucCalibri10Data                       0x00007828   Data        1047  font_calibri10.o(.constdata)
    .constdata                               0x00007c40   Section      200  font_calibri10.o(.constdata)
    .constdata                               0x00007d08   Section       17  __printf_flags_wp.o(.constdata)
    maptable                                 0x00007d08   Data          17  __printf_flags_wp.o(.constdata)
    .constdata                               0x00007d1c   Section      148  bigflt0.o(.constdata)
    tenpwrs_x                                0x00007d1c   Data          60  bigflt0.o(.constdata)
    tenpwrs_i                                0x00007d58   Data          64  bigflt0.o(.constdata)
    locale$$data                             0x00007dd0   Section       28  lc_numeric_c.o(locale$$data)
    __lcnum_c_name                           0x00007dd4   Data           2  lc_numeric_c.o(locale$$data)
    __lcnum_c_start                          0x00007ddc   Data           0  lc_numeric_c.o(locale$$data)
    __lcnum_c_point                          0x00007de8   Data           0  lc_numeric_c.o(locale$$data)
    __lcnum_c_thousands                      0x00007dea   Data           0  lc_numeric_c.o(locale$$data)
    __lcnum_c_grouping                       0x00007deb   Data           0  lc_numeric_c.o(locale$$data)
    __lcnum_c_end                            0x00007dec   Data           0  lc_numeric_c.o(locale$$data)
    .data                                    0x20000000   Section      400  main.o(.data)
    KEY_DECODE_TABLE                         0x20000005   Data          12  main.o(.data)
    g_bSystemTick                            0x20000014   Data           4  main.o(.data)
    g_bSystemTick1000                        0x20000018   Data           4  main.o(.data)
    g_bSecTick                               0x2000001c   Data           4  main.o(.data)
    g_nCount                                 0x20000020   Data           4  main.o(.data)
    g_bToggle                                0x20000024   Data           4  main.o(.data)
    g_nTimeSec                               0x20000028   Data           4  main.o(.data)
    g_bSpiDone                               0x2000002c   Data           4  main.o(.data)
    g_bLCDUpdate                             0x20000030   Data           4  main.o(.data)
    g_nLCD                                   0x20000034   Data           4  main.o(.data)
    g_bBacklightOn                           0x20000038   Data           4  main.o(.data)
    g_bLcdFree                               0x2000003c   Data           4  main.o(.data)
    g_nDelay                                 0x20000040   Data           4  main.o(.data)
    g_bSTORE_Hundredth                       0x20000044   Data           4  main.o(.data)
    g_bSTORE_Tens                            0x20000048   Data           4  main.o(.data)
    g_bSTORE_Ones                            0x2000004c   Data           4  main.o(.data)
    g_bHundredth                             0x20000050   Data           4  main.o(.data)
    g_bTens                                  0x20000054   Data           4  main.o(.data)
    g_bOnes                                  0x20000058   Data           4  main.o(.data)
    print_H                                  0x2000005c   Data           1  main.o(.data)
    print_T                                  0x2000005d   Data           1  main.o(.data)
    print_O                                  0x2000005e   Data           1  main.o(.data)
    g_nKeypadScan                            0x20000060   Data           4  main.o(.data)
    g_nKeypad                                0x20000064   Data           4  main.o(.data)
    g_cKey                                   0x20000068   Data           1  main.o(.data)
    g_bKeypadPressed                         0x2000006c   Data           4  main.o(.data)
    g_bpressed                               0x20000070   Data           4  main.o(.data)
    g_debounce                               0x20000074   Data           4  main.o(.data)
    wrong_password_counter                   0x20000078   Data           4  main.o(.data)
    wrong_password_input                     0x2000007c   Data           4  main.o(.data)
    bKeyPressed                              0x20000080   Data           4  main.o(.data)
    g_nAHT10Delay                            0x20000088   Data           1  main.o(.data)
    g_nAHT10Update                           0x2000008c   Data           4  main.o(.data)
    g_bAHT10Update                           0x20000090   Data           4  main.o(.data)
    g_MCP23017                               0x20000094   Data           4  main.o(.data)
    g_nBeep_Count                            0x20000098   Data           4  main.o(.data)
    g_nLEDCount                              0x2000009c   Data           4  main.o(.data)
    g_nBUZZCount                             0x200000a0   Data           4  main.o(.data)
    g_bBUZZTick                              0x200000a4   Data           4  main.o(.data)
    g_Buzzer                                 0x200000a8   Data           4  main.o(.data)
    CORRECTPASSWORD_BUZZERFLAG               0x200000ac   Data           4  main.o(.data)
    CLOSESAFE_BUZZERFLAG                     0x200000b0   Data           4  main.o(.data)
    SLIDEROFF_BUZZERFLAG                     0x200000b4   Data           4  main.o(.data)
    WRONGPASSWORD_BUZZERFLAG                 0x200000b8   Data           4  main.o(.data)
    SLIDERLEFT_BUZZERFLAG                    0x200000bc   Data           4  main.o(.data)
    SLIDERMIDDLE_BUZZERFLAG                  0x200000c0   Data           4  main.o(.data)
    SLIDERRIGHT_BUZZERFLAG                   0x200000c4   Data           4  main.o(.data)
    COUNTDOWN_BUZZERFLAG                     0x200000c8   Data           4  main.o(.data)
    COUNTDOWN_REACH_0                        0x200000cc   Data           4  main.o(.data)
    dig1                                     0x200000d0   Data           1  main.o(.data)
    dig2                                     0x200000d1   Data           1  main.o(.data)
    g_n7SegCount                             0x200000d2   Data           2  main.o(.data)
    g_n7Seg10sCount                          0x200000d4   Data           2  main.o(.data)
    g_bCountDownFlag                         0x200000d8   Data           4  main.o(.data)
    g_nCountDown                             0x200000dc   Data           2  main.o(.data)
    g_nCountDown10s                          0x200000de   Data           2  main.o(.data)
    g_bCountDownFlag10s                      0x200000e0   Data           4  main.o(.data)
    g_bPOWERUP                               0x200000e4   Data           4  main.o(.data)
    g_bInitiateCountdown                     0x200000e8   Data           4  main.o(.data)
    g_bInitiate10sCountdown                  0x200000ec   Data           4  main.o(.data)
    g_bInitiateCountdownAsterisk             0x200000f0   Data           4  main.o(.data)
    SEVENSEG_STOP                            0x200000f4   Data           4  main.o(.data)
    SEVENSEG_STOP10s                         0x200000f8   Data           4  main.o(.data)
    g_bInitiate60sCountdownAfter10s          0x200000fc   Data           4  main.o(.data)
    g_bInitiateCountdown60safter10s          0x20000100   Data           4  main.o(.data)
    g_nCountDown60sAfter10s                  0x20000104   Data           2  main.o(.data)
    g_bCountDownFlag60sAfter10s              0x20000108   Data           4  main.o(.data)
    SW2_Pressed                              0x2000010c   Data           4  main.o(.data)
    g_bLedTick                               0x20000110   Data           4  main.o(.data)
    g_bLEDToggle                             0x20000114   Data           4  main.o(.data)
    CORRECTPASSWORD                          0x20000118   Data           4  main.o(.data)
    g_LED                                    0x2000011c   Data           4  main.o(.data)
    g_LED_OPENSAFE                           0x20000120   Data           4  main.o(.data)
    g_LED_CLOSESAFE                          0x20000124   Data           4  main.o(.data)
    g_LED_WRONGPW                            0x20000128   Data           4  main.o(.data)
    g_LED_LEFTSLIDER                         0x2000012c   Data           4  main.o(.data)
    g_LED_MIDDLESLIDER                       0x20000130   Data           4  main.o(.data)
    g_LED_RIGHTSLIDER                        0x20000134   Data           4  main.o(.data)
    g_LED_SLIDEROFF                          0x20000138   Data           4  main.o(.data)
    g_nMotorCount                            0x2000013c   Data           4  main.o(.data)
    g_bmotor_move                            0x20000140   Data           4  main.o(.data)
    g_bMotor_ACW                             0x20000148   Data           4  main.o(.data)
    UserInput                                0x2000014c   Data           4  main.o(.data)
    CorrectPassword                          0x20000150   Data           4  main.o(.data)
    counter_digit                            0x20000154   Data           4  main.o(.data)
    g_bOpenSafe                              0x20000158   Data           4  main.o(.data)
    g_bCONFIRMOpenSafe                       0x2000015c   Data           4  main.o(.data)
    g_bCLOSE_SAFE_ONLY_WHEN_OPENED           0x20000160   Data           4  main.o(.data)
    g_nADCUpdate                             0x20000164   Data           4  main.o(.data)
    g_bAdcUpdate                             0x20000168   Data           4  main.o(.data)
    acttemperature                           0x2000016c   Data           4  main.o(.data)
    LDR                                      0x20000170   Data           4  main.o(.data)
    slider                                   0x20000174   Data           4  main.o(.data)
    settemperature                           0x20000178   Data           4  main.o(.data)
    LOCK_KEYPAD                              0x2000018c   Data           4  main.o(.data)
    .data                                    0x20000190   Section       22  lcd_st7735r.o(.data)
    g_pSpimHandle                            0x20000190   Data           4  lcd_st7735r.o(.data)
    g_bSpiDone                               0x20000194   Data           4  lcd_st7735r.o(.data)
    g_nScreenX                               0x20000198   Data           4  lcd_st7735r.o(.data)
    g_nScreenY                               0x2000019c   Data           4  lcd_st7735r.o(.data)
    g_pLcdCbDone                             0x200001a0   Data           4  lcd_st7735r.o(.data)
    g_Cmd                                    0x200001a4   Data           1  lcd_st7735r.o(.data)
    g_Data                                   0x200001a5   Data           1  lcd_st7735r.o(.data)
    .data                                    0x200001a8   Section        4  retarget.o(.data)
    .data                                    0x200001ac   Section        4  system_tm4c123.o(.data)
    .data                                    0x200001b0   Section       20  i2c_sensors.o(.data)
    g_pI2cHandle                             0x200001b0   Data           4  i2c_sensors.o(.data)
    rawDATA                                  0x200001b4   Data           6  i2c_sensors.o(.data)
    g_bHUMIDITY                              0x200001bc   Data           4  i2c_sensors.o(.data)
    g_bTEMPERATURE                           0x200001c0   Data           4  i2c_sensors.o(.data)
    .data                                    0x200001c4   Section       28  gui.o(.data)
    g_pFont                                  0x200001c4   Data           4  gui.o(.data)
    g_Color                                  0x200001c8   Data           4  gui.o(.data)
    g_hMemPtr                                0x200001cc   Data           4  gui.o(.data)
    g_b16BitPerPixel                         0x200001d0   Data           4  gui.o(.data)
    g_pFramEnd                               0x200001d4   Data           4  gui.o(.data)
    g_nWidth                                 0x200001d8   Data           4  gui.o(.data)
    g_FontBackColor                          0x200001dc   Data           4  gui.o(.data)
    .bss                                     0x200001e0   Section     8380  main.o(.bss)
    g_SpimHandle                             0x200001e0   Data          52  main.o(.bss)
    g_aBuf                                   0x20000214   Data        8192  main.o(.bss)
    g_MemDev                                 0x20002214   Data          80  main.o(.bss)
    g_I2C0Handle                             0x20002264   Data          40  main.o(.bss)
    g_AHT10                                  0x2000228c   Data          16  main.o(.bss)
    .bss                                     0x2000229c   Section       64  lcd_st7735r.o(.bss)
    data                                     0x2000229c   Data          64  lcd_st7735r.o(.bss)
    .bss                                     0x200022dc   Section       16  spim.o(.bss)
    g_pSpiIrqhandles                         0x200022dc   Data          16  spim.o(.bss)
    .bss                                     0x200022ec   Section       16  i2c.o(.bss)
    g_aI2CIrqHandle                          0x200022ec   Data          16  i2c.o(.bss)
    .bss                                     0x200022fc   Section       96  libspace.o(.bss)
    HEAP                                     0x20002360   Section        0  startup_tm4c123.o(HEAP)
    STACK                                    0x20002360   Section     2560  startup_tm4c123.o(STACK)
    Heap_Mem                                 0x20002360   Data           0  startup_tm4c123.o(HEAP)
    Stack_Mem                                0x20002360   Data        2560  startup_tm4c123.o(STACK)
    __initial_sp                             0x20002d60   Data           0  startup_tm4c123.o(STACK)

    Global Symbols

    Symbol Name                              Value     Ov Type        Size  Object(Section)

    BuildAttributes$$THM_ISAv4$E$P$D$K$B$S$7EM$VFPi3$EXTD16$VFPS$VFMA$PE$A:L22UL41UL21$X:L11$S22US41US21$IEEE1$IW$USESV6$~STKCKD$USESV7$~SHL$OTIME$ROPI$IEEEJ$EBA8$UX$STANDARDLIB$REQ8$PRES8$EABIv2 0x00000000   Number         0  anon$$obj.o ABSOLUTE
    __ARM_use_no_argv                        0x00000000   Number         0  main.o ABSOLUTE
    __Vectors                                0x00000000   Data           4  startup_tm4c123.o(RESET)
    _printf_flags                            0x00000000   Number         0  printf_stubs.o ABSOLUTE
    _printf_return_value                     0x00000000   Number         0  printf_stubs.o ABSOLUTE
    _printf_sizespec                         0x00000000   Number         0  printf_stubs.o ABSOLUTE
    _printf_widthprec                        0x00000000   Number         0  printf_stubs.o ABSOLUTE
    __ARM_exceptions_init                     - Undefined Weak Reference
    __alloca_initialize                       - Undefined Weak Reference
    __arm_preinit_                            - Undefined Weak Reference
    __cpp_initialize__aeabi_                  - Undefined Weak Reference
    __cxa_finalize                            - Undefined Weak Reference
    __sigvec_lookup                           - Undefined Weak Reference
    _atexit_init                              - Undefined Weak Reference
    _call_atexit_fns                          - Undefined Weak Reference
    _clock_init                               - Undefined Weak Reference
    _fp_trap_init                             - Undefined Weak Reference
    _fp_trap_shutdown                         - Undefined Weak Reference
    _get_lc_collate                           - Undefined Weak Reference
    _get_lc_ctype                             - Undefined Weak Reference
    _get_lc_monetary                          - Undefined Weak Reference
    _get_lc_time                              - Undefined Weak Reference
    _getenv_init                              - Undefined Weak Reference
    _handle_redirection                       - Undefined Weak Reference
    _init_alloc                               - Undefined Weak Reference
    _init_user_alloc                          - Undefined Weak Reference
    _initio                                   - Undefined Weak Reference
    _mutex_acquire                            - Undefined Weak Reference
    _mutex_release                            - Undefined Weak Reference
    _printf_mbtowc                            - Undefined Weak Reference
    _printf_truncate_signed                   - Undefined Weak Reference
    _printf_truncate_unsigned                 - Undefined Weak Reference
    _rand_init                                - Undefined Weak Reference
    _signal_finish                            - Undefined Weak Reference
    _signal_init                              - Undefined Weak Reference
    _terminate_alloc                          - Undefined Weak Reference
    _terminate_user_alloc                     - Undefined Weak Reference
    _terminateio                              - Undefined Weak Reference
    __Vectors_End                            0x0000026c   Data           0  startup_tm4c123.o(RESET)
    __Vectors_Size                           0x0000026c   Number         0  startup_tm4c123.o ABSOLUTE
    __main                                   0x0000026d   Thumb Code     8  __main.o(!!!main)
    __scatterload                            0x00000275   Thumb Code     0  __scatter.o(!!!scatter)
    __scatterload_rt2                        0x00000275   Thumb Code    44  __scatter.o(!!!scatter)
    __scatterload_rt2_thumb_only             0x00000275   Thumb Code     0  __scatter.o(!!!scatter)
    __scatterload_null                       0x00000283   Thumb Code     0  __scatter.o(!!!scatter)
    __decompress                             0x000002a9   Thumb Code    90  __dczerorl2.o(!!dczerorl2)
    __decompress1                            0x000002a9   Thumb Code     0  __dczerorl2.o(!!dczerorl2)
    __scatterload_zeroinit                   0x00000305   Thumb Code    28  __scatter_zi.o(!!handler_zi)
    _printf_f                                0x00000321   Thumb Code     0  _printf_f.o(.ARM.Collect$$_printf_percent$$00000003)
    _printf_percent                          0x00000321   Thumb Code     0  _printf_percent.o(.ARM.Collect$$_printf_percent$$00000000)
    _printf_d                                0x00000327   Thumb Code     0  _printf_d.o(.ARM.Collect$$_printf_percent$$00000009)
    _printf_u                                0x0000032d   Thumb Code     0  _printf_u.o(.ARM.Collect$$_printf_percent$$0000000A)
    _printf_c                                0x00000333   Thumb Code     0  _printf_c.o(.ARM.Collect$$_printf_percent$$00000013)
    _printf_percent_end                      0x00000339   Thumb Code     0  _printf_percent_end.o(.ARM.Collect$$_printf_percent$$00000017)
    __rt_lib_init                            0x0000033d   Thumb Code     0  libinit.o(.ARM.Collect$$libinit$$00000000)
    __rt_lib_init_fp_1                       0x0000033f   Thumb Code     0  libinit2.o(.ARM.Collect$$libinit$$00000001)
    __rt_lib_init_heap_1                     0x00000343   Thumb Code     0  libinit2.o(.ARM.Collect$$libinit$$0000000A)
    __rt_lib_init_lc_common                  0x00000343   Thumb Code     0  libinit2.o(.ARM.Collect$$libinit$$0000000F)
    __rt_lib_init_preinit_1                  0x00000343   Thumb Code     0  libinit2.o(.ARM.Collect$$libinit$$00000004)
    __rt_lib_init_rand_1                     0x00000343   Thumb Code     0  libinit2.o(.ARM.Collect$$libinit$$0000000E)
    __rt_lib_init_user_alloc_1               0x00000343   Thumb Code     0  libinit2.o(.ARM.Collect$$libinit$$0000000C)
    __rt_lib_init_lc_collate_1               0x00000349   Thumb Code     0  libinit2.o(.ARM.Collect$$libinit$$00000011)
    __rt_lib_init_lc_ctype_1                 0x00000349   Thumb Code     0  libinit2.o(.ARM.Collect$$libinit$$00000013)
    __rt_lib_init_lc_monetary_1              0x00000349   Thumb Code     0  libinit2.o(.ARM.Collect$$libinit$$00000015)
    __rt_lib_init_lc_numeric_2               0x00000349   Thumb Code     0  libinit2.o(.ARM.Collect$$libinit$$00000016)
    __rt_lib_init_alloca_1                   0x00000353   Thumb Code     0  libinit2.o(.ARM.Collect$$libinit$$0000002E)
    __rt_lib_init_argv_1                     0x00000353   Thumb Code     0  libinit2.o(.ARM.Collect$$libinit$$0000002C)
    __rt_lib_init_atexit_1                   0x00000353   Thumb Code     0  libinit2.o(.ARM.Collect$$libinit$$0000001B)
    __rt_lib_init_clock_1                    0x00000353   Thumb Code     0  libinit2.o(.ARM.Collect$$libinit$$00000021)
    __rt_lib_init_cpp_1                      0x00000353   Thumb Code     0  libinit2.o(.ARM.Collect$$libinit$$00000032)
    __rt_lib_init_exceptions_1               0x00000353   Thumb Code     0  libinit2.o(.ARM.Collect$$libinit$$00000030)
    __rt_lib_init_fp_trap_1                  0x00000353   Thumb Code     0  libinit2.o(.ARM.Collect$$libinit$$0000001F)
    __rt_lib_init_getenv_1                   0x00000353   Thumb Code     0  libinit2.o(.ARM.Collect$$libinit$$00000023)
    __rt_lib_init_lc_numeric_1               0x00000353   Thumb Code     0  libinit2.o(.ARM.Collect$$libinit$$00000017)
    __rt_lib_init_lc_time_1                  0x00000353   Thumb Code     0  libinit2.o(.ARM.Collect$$libinit$$00000019)
    __rt_lib_init_return                     0x00000353   Thumb Code     0  libinit2.o(.ARM.Collect$$libinit$$00000033)
    __rt_lib_init_signal_1                   0x00000353   Thumb Code     0  libinit2.o(.ARM.Collect$$libinit$$0000001D)
    __rt_lib_init_stdio_1                    0x00000353   Thumb Code     0  libinit2.o(.ARM.Collect$$libinit$$00000025)
    __rt_lib_shutdown                        0x00000355   Thumb Code     0  libshutdown.o(.ARM.Collect$$libshutdown$$00000000)
    __rt_lib_shutdown_cpp_1                  0x00000357   Thumb Code     0  libshutdown2.o(.ARM.Collect$$libshutdown$$00000002)
    __rt_lib_shutdown_fp_trap_1              0x00000357   Thumb Code     0  libshutdown2.o(.ARM.Collect$$libshutdown$$00000007)
    __rt_lib_shutdown_heap_1                 0x00000357   Thumb Code     0  libshutdown2.o(.ARM.Collect$$libshutdown$$0000000F)
    __rt_lib_shutdown_return                 0x00000357   Thumb Code     0  libshutdown2.o(.ARM.Collect$$libshutdown$$00000010)
    __rt_lib_shutdown_signal_1               0x00000357   Thumb Code     0  libshutdown2.o(.ARM.Collect$$libshutdown$$0000000A)
    __rt_lib_shutdown_stdio_1                0x00000357   Thumb Code     0  libshutdown2.o(.ARM.Collect$$libshutdown$$00000004)
    __rt_lib_shutdown_user_alloc_1           0x00000357   Thumb Code     0  libshutdown2.o(.ARM.Collect$$libshutdown$$0000000C)
    __rt_entry                               0x00000359   Thumb Code     0  __rtentry.o(.ARM.Collect$$rtentry$$00000000)
    __rt_entry_presh_1                       0x00000359   Thumb Code     0  __rtentry2.o(.ARM.Collect$$rtentry$$00000002)
    __rt_entry_sh                            0x00000359   Thumb Code     0  __rtentry4.o(.ARM.Collect$$rtentry$$00000004)
    __rt_entry_li                            0x0000035f   Thumb Code     0  __rtentry2.o(.ARM.Collect$$rtentry$$0000000A)
    __rt_entry_postsh_1                      0x0000035f   Thumb Code     0  __rtentry2.o(.ARM.Collect$$rtentry$$00000009)
    __rt_entry_main                          0x00000363   Thumb Code     0  __rtentry2.o(.ARM.Collect$$rtentry$$0000000D)
    __rt_entry_postli_1                      0x00000363   Thumb Code     0  __rtentry2.o(.ARM.Collect$$rtentry$$0000000C)
    __rt_exit                                0x0000036b   Thumb Code     0  rtexit.o(.ARM.Collect$$rtexit$$00000000)
    __rt_exit_ls                             0x0000036d   Thumb Code     0  rtexit2.o(.ARM.Collect$$rtexit$$00000003)
    __rt_exit_prels_1                        0x0000036d   Thumb Code     0  rtexit2.o(.ARM.Collect$$rtexit$$00000002)
    __rt_exit_exit                           0x00000371   Thumb Code     0  rtexit2.o(.ARM.Collect$$rtexit$$00000004)
    Reset_Handler                            0x00000379   Thumb Code     8  startup_tm4c123.o(.text)
    NMI_Handler                              0x00000381   Thumb Code     2  startup_tm4c123.o(.text)
    MemManage_Handler                        0x00000385   Thumb Code     2  startup_tm4c123.o(.text)
    BusFault_Handler                         0x00000387   Thumb Code     2  startup_tm4c123.o(.text)
    UsageFault_Handler                       0x00000389   Thumb Code     2  startup_tm4c123.o(.text)
    SVC_Handler                              0x0000038b   Thumb Code     2  startup_tm4c123.o(.text)
    DebugMon_Handler                         0x0000038d   Thumb Code     2  startup_tm4c123.o(.text)
    PendSV_Handler                           0x0000038f   Thumb Code     2  startup_tm4c123.o(.text)
    GPIOA_Handler                            0x00000393   Thumb Code     2  startup_tm4c123.o(.text)
    GPIOB_Handler                            0x00000395   Thumb Code     2  startup_tm4c123.o(.text)
    GPIOC_Handler                            0x00000397   Thumb Code     2  startup_tm4c123.o(.text)
    GPIOD_Handler                            0x00000399   Thumb Code     2  startup_tm4c123.o(.text)
    GPIOE_Handler                            0x0000039b   Thumb Code     2  startup_tm4c123.o(.text)
    UART0_Handler                            0x0000039d   Thumb Code     2  startup_tm4c123.o(.text)
    UART1_Handler                            0x0000039f   Thumb Code     2  startup_tm4c123.o(.text)
    PMW0_FAULT_Handler                       0x000003a5   Thumb Code     2  startup_tm4c123.o(.text)
    PWM0_0_Handler                           0x000003a7   Thumb Code     2  startup_tm4c123.o(.text)
    PWM0_1_Handler                           0x000003a9   Thumb Code     2  startup_tm4c123.o(.text)
    PWM0_2_Handler                           0x000003ab   Thumb Code     2  startup_tm4c123.o(.text)
    QEI0_Handler                             0x000003ad   Thumb Code     2  startup_tm4c123.o(.text)
    ADC0SS1_Handler                          0x000003b1   Thumb Code     2  startup_tm4c123.o(.text)
    ADC0SS2_Handler                          0x000003b3   Thumb Code     2  startup_tm4c123.o(.text)
    ADC0SS3_Handler                          0x000003b5   Thumb Code     2  startup_tm4c123.o(.text)
    WDT0_Handler                             0x000003b7   Thumb Code     2  startup_tm4c123.o(.text)
    TIMER0A_Handler                          0x000003b9   Thumb Code     2  startup_tm4c123.o(.text)
    TIMER0B_Handler                          0x000003bb   Thumb Code     2  startup_tm4c123.o(.text)
    TIMER1A_Handler                          0x000003bd   Thumb Code     2  startup_tm4c123.o(.text)
    TIMER1B_Handler                          0x000003bf   Thumb Code     2  startup_tm4c123.o(.text)
    TIMER2A_Handler                          0x000003c1   Thumb Code     2  startup_tm4c123.o(.text)
    TIMER2B_Handler                          0x000003c3   Thumb Code     2  startup_tm4c123.o(.text)
    COMP0_Handler                            0x000003c5   Thumb Code     2  startup_tm4c123.o(.text)
    COMP1_Handler                            0x000003c7   Thumb Code     2  startup_tm4c123.o(.text)
    COMP2_Handler                            0x000003c9   Thumb Code     2  startup_tm4c123.o(.text)
    SYSCTL_Handler                           0x000003cb   Thumb Code     2  startup_tm4c123.o(.text)
    FLASH_Handler                            0x000003cd   Thumb Code     2  startup_tm4c123.o(.text)
    GPIOG_Handler                            0x000003d1   Thumb Code     2  startup_tm4c123.o(.text)
    GPIOH_Handler                            0x000003d3   Thumb Code     2  startup_tm4c123.o(.text)
    UART2_Handler                            0x000003d5   Thumb Code     2  startup_tm4c123.o(.text)
    TIMER3A_Handler                          0x000003d9   Thumb Code     2  startup_tm4c123.o(.text)
    TIMER3B_Handler                          0x000003db   Thumb Code     2  startup_tm4c123.o(.text)
    QEI1_Handler                             0x000003df   Thumb Code     2  startup_tm4c123.o(.text)
    CAN0_Handler                             0x000003e1   Thumb Code     2  startup_tm4c123.o(.text)
    CAN1_Handler                             0x000003e3   Thumb Code     2  startup_tm4c123.o(.text)
    CAN2_Handler                             0x000003e5   Thumb Code     2  startup_tm4c123.o(.text)
    HIB_Handler                              0x000003e7   Thumb Code     2  startup_tm4c123.o(.text)
    USB0_Handler                             0x000003e9   Thumb Code     2  startup_tm4c123.o(.text)
    PWM0_3_Handler                           0x000003eb   Thumb Code     2  startup_tm4c123.o(.text)
    UDMA_Handler                             0x000003ed   Thumb Code     2  startup_tm4c123.o(.text)
    UDMAERR_Handler                          0x000003ef   Thumb Code     2  startup_tm4c123.o(.text)
    ADC1SS0_Handler                          0x000003f1   Thumb Code     2  startup_tm4c123.o(.text)
    ADC1SS1_Handler                          0x000003f3   Thumb Code     2  startup_tm4c123.o(.text)
    ADC1SS2_Handler                          0x000003f5   Thumb Code     2  startup_tm4c123.o(.text)
    ADC1SS3_Handler                          0x000003f7   Thumb Code     2  startup_tm4c123.o(.text)
    GPIOJ_Handler                            0x000003f9   Thumb Code     2  startup_tm4c123.o(.text)
    GPIOK_Handler                            0x000003fb   Thumb Code     2  startup_tm4c123.o(.text)
    GPIOL_Handler                            0x000003fd   Thumb Code     2  startup_tm4c123.o(.text)
    UART3_Handler                            0x00000403   Thumb Code     2  startup_tm4c123.o(.text)
    UART4_Handler                            0x00000405   Thumb Code     2  startup_tm4c123.o(.text)
    UART5_Handler                            0x00000407   Thumb Code     2  startup_tm4c123.o(.text)
    UART6_Handler                            0x00000409   Thumb Code     2  startup_tm4c123.o(.text)
    UART7_Handler                            0x0000040b   Thumb Code     2  startup_tm4c123.o(.text)
    TIMER4A_Handler                          0x00000411   Thumb Code     2  startup_tm4c123.o(.text)
    TIMER4B_Handler                          0x00000413   Thumb Code     2  startup_tm4c123.o(.text)
    TIMER5A_Handler                          0x00000415   Thumb Code     2  startup_tm4c123.o(.text)
    TIMER5B_Handler                          0x00000417   Thumb Code     2  startup_tm4c123.o(.text)
    WTIMER0A_Handler                         0x00000419   Thumb Code     2  startup_tm4c123.o(.text)
    WTIMER0B_Handler                         0x0000041b   Thumb Code     2  startup_tm4c123.o(.text)
    WTIMER1A_Handler                         0x0000041d   Thumb Code     2  startup_tm4c123.o(.text)
    WTIMER1B_Handler                         0x0000041f   Thumb Code     2  startup_tm4c123.o(.text)
    WTIMER2A_Handler                         0x00000421   Thumb Code     2  startup_tm4c123.o(.text)
    WTIMER2B_Handler                         0x00000423   Thumb Code     2  startup_tm4c123.o(.text)
    WTIMER3A_Handler                         0x00000425   Thumb Code     2  startup_tm4c123.o(.text)
    WTIMER3B_Handler                         0x00000427   Thumb Code     2  startup_tm4c123.o(.text)
    WTIMER4A_Handler                         0x00000429   Thumb Code     2  startup_tm4c123.o(.text)
    WTIMER4B_Handler                         0x0000042b   Thumb Code     2  startup_tm4c123.o(.text)
    WTIMER5A_Handler                         0x0000042d   Thumb Code     2  startup_tm4c123.o(.text)
    WTIMER5B_Handler                         0x0000042f   Thumb Code     2  startup_tm4c123.o(.text)
    FPU_Handler                              0x00000431   Thumb Code     2  startup_tm4c123.o(.text)
    I2C4_Handler                             0x00000433   Thumb Code     2  startup_tm4c123.o(.text)
    I2C5_Handler                             0x00000435   Thumb Code     2  startup_tm4c123.o(.text)
    GPIOM_Handler                            0x00000437   Thumb Code     2  startup_tm4c123.o(.text)
    GPION_Handler                            0x00000439   Thumb Code     2  startup_tm4c123.o(.text)
    QEI2_Handler                             0x0000043b   Thumb Code     2  startup_tm4c123.o(.text)
    GPIOP0_Handler                           0x0000043d   Thumb Code     2  startup_tm4c123.o(.text)
    GPIOP1_Handler                           0x0000043f   Thumb Code     2  startup_tm4c123.o(.text)
    GPIOP2_Handler                           0x00000441   Thumb Code     2  startup_tm4c123.o(.text)
    GPIOP3_Handler                           0x00000443   Thumb Code     2  startup_tm4c123.o(.text)
    GPIOP4_Handler                           0x00000445   Thumb Code     2  startup_tm4c123.o(.text)
    GPIOP5_Handler                           0x00000447   Thumb Code     2  startup_tm4c123.o(.text)
    GPIOP6_Handler                           0x00000449   Thumb Code     2  startup_tm4c123.o(.text)
    GPIOP7_Handler                           0x0000044b   Thumb Code     2  startup_tm4c123.o(.text)
    GPIOQ0_Handler                           0x0000044d   Thumb Code     2  startup_tm4c123.o(.text)
    GPIOQ1_Handler                           0x0000044f   Thumb Code     2  startup_tm4c123.o(.text)
    GPIOQ2_Handler                           0x00000451   Thumb Code     2  startup_tm4c123.o(.text)
    GPIOQ3_Handler                           0x00000453   Thumb Code     2  startup_tm4c123.o(.text)
    GPIOQ4_Handler                           0x00000455   Thumb Code     2  startup_tm4c123.o(.text)
    GPIOQ5_Handler                           0x00000457   Thumb Code     2  startup_tm4c123.o(.text)
    GPIOQ6_Handler                           0x00000459   Thumb Code     2  startup_tm4c123.o(.text)
    GPIOQ7_Handler                           0x0000045b   Thumb Code     2  startup_tm4c123.o(.text)
    GPIOR_Handler                            0x0000045d   Thumb Code     2  startup_tm4c123.o(.text)
    GPIOS_Handler                            0x0000045f   Thumb Code     2  startup_tm4c123.o(.text)
    PMW1_0_Handler                           0x00000461   Thumb Code     2  startup_tm4c123.o(.text)
    PWM1_1_Handler                           0x00000463   Thumb Code     2  startup_tm4c123.o(.text)
    PWM1_2_Handler                           0x00000465   Thumb Code     2  startup_tm4c123.o(.text)
    PWM1_3_Handler                           0x00000467   Thumb Code     2  startup_tm4c123.o(.text)
    PWM1_FAULT_Handler                       0x00000469   Thumb Code     2  startup_tm4c123.o(.text)
    __user_initial_stackheap                 0x0000046d   Thumb Code     0  startup_tm4c123.o(.text)
    __2printf                                0x0000048d   Thumb Code    20  noretval__2printf.o(.text)
    __2sprintf                               0x000004a5   Thumb Code    34  noretval__2sprintf.o(.text)
    _printf_pre_padding                      0x000004cd   Thumb Code    44  _printf_pad.o(.text)
    _printf_post_padding                     0x000004f9   Thumb Code    34  _printf_pad.o(.text)
    _printf_str                              0x0000051b   Thumb Code    82  _printf_str.o(.text)
    _printf_int_dec                          0x0000056d   Thumb Code   104  _printf_dec.o(.text)
    __printf                                 0x000005e5   Thumb Code   308  __printf_flags_wp.o(.text)
    strlen                                   0x0000071d   Thumb Code    62  strlen.o(.text)
    __use_two_region_memory                  0x0000075b   Thumb Code     2  heapauxi.o(.text)
    __rt_heap_escrow$2region                 0x0000075d   Thumb Code     2  heapauxi.o(.text)
    __rt_heap_expand$2region                 0x0000075f   Thumb Code     2  heapauxi.o(.text)
    _printf_int_common                       0x00000761   Thumb Code   178  _printf_intcommon.o(.text)
    __lib_sel_fp_printf                      0x00000813   Thumb Code     2  _printf_fp_dec.o(.text)
    _printf_fp_dec_real                      0x000009c5   Thumb Code   620  _printf_fp_dec.o(.text)
    _printf_char_common                      0x00000c3b   Thumb Code    32  _printf_char_common.o(.text)
    _sputc                                   0x00000c61   Thumb Code    10  _sputc.o(.text)
    _printf_cs_common                        0x00000c6b   Thumb Code    20  _printf_char.o(.text)
    _printf_char                             0x00000c7f   Thumb Code    16  _printf_char.o(.text)
    _printf_string                           0x00000c8f   Thumb Code     8  _printf_char.o(.text)
    _printf_char_file                        0x00000c99   Thumb Code    32  _printf_char_file.o(.text)
    __rt_locale                              0x00000cbd   Thumb Code     8  rt_locale_intlibspace.o(.text)
    _ll_udiv10                               0x00000cc5   Thumb Code   138  lludiv10.o(.text)
    _printf_fp_infnan                        0x00000d51   Thumb Code   112  _printf_fp_infnan.o(.text)
    _btod_etento                             0x00000dd1   Thumb Code   224  bigflt0.o(.text)
    ferror                                   0x00000eb5   Thumb Code     8  ferror.o(.text)
    __user_libspace                          0x00000ebd   Thumb Code     8  libspace.o(.text)
    __user_perproc_libspace                  0x00000ebd   Thumb Code     0  libspace.o(.text)
    __user_perthread_libspace                0x00000ebd   Thumb Code     0  libspace.o(.text)
    __user_setup_stackheap                   0x00000ec5   Thumb Code    74  sys_stackheap_outer.o(.text)
    exit                                     0x00000f0f   Thumb Code    18  exit.o(.text)
    strcmp                                   0x00000f21   Thumb Code   128  strcmpv7m.o(.text)
    _sys_exit                                0x00000fa1   Thumb Code     8  sys_exit.o(.text)
    __I$use$semihosting                      0x00000fad   Thumb Code     0  use_no_semi.o(.text)
    __use_no_semihosting_swi                 0x00000fad   Thumb Code     2  use_no_semi.o(.text)
    __semihosting_library_function           0x00000faf   Thumb Code     0  indicate_semi.o(.text)
    _btod_d2e                                0x00000faf   Thumb Code    62  btod.o(CL$$btod_d2e)
    _d2e_denorm_low                          0x00000fed   Thumb Code    70  btod.o(CL$$btod_d2e_denorm_low)
    _d2e_norm_op1                            0x00001033   Thumb Code    96  btod.o(CL$$btod_d2e_norm_op1)
    __btod_div_common                        0x00001093   Thumb Code   696  btod.o(CL$$btod_div_common)
    _e2e                                     0x000013cb   Thumb Code   220  btod.o(CL$$btod_e2e)
    _btod_ediv                               0x000014a7   Thumb Code    42  btod.o(CL$$btod_ediv)
    _btod_emul                               0x000014d1   Thumb Code    42  btod.o(CL$$btod_emul)
    __btod_mult_common                       0x000014fb   Thumb Code   580  btod.o(CL$$btod_mult_common)
    ADC0SS0_Handler                          0x00001741   Thumb Code    14  irq.o(i.ADC0SS0_Handler)
    ADC0_IRQHandler                          0x00001755   Thumb Code    20  main.o(i.ADC0_IRQHandler)
    AHT10_Init                               0x0000176d   Thumb Code    62  i2c_sensors.o(i.AHT10_Init)
    GPIOF_Button_IRQHandler                  0x000017b5   Thumb Code    32  main.o(i.GPIOF_Button_IRQHandler)
    GPIOF_Handler                            0x000017e1   Thumb Code    14  irq.o(i.GPIOF_Handler)
    GUI_16BitPerPixel                        0x000017f5   Thumb Code     6  gui.o(i.GUI_16BitPerPixel)
    GUI_AddCbFrameEnd                        0x00001801   Thumb Code     6  gui.o(i.GUI_AddCbFrameEnd)
    GUI_AppDraw                              0x0000180d   Thumb Code  1454  main.o(i.GUI_AppDraw)
    GUI_Clear                                0x00001ddd   Thumb Code    96  gui.o(i.GUI_Clear)
    GUI_DrawBitmap                           0x00001e41   Thumb Code   210  gui.o(i.GUI_DrawBitmap)
    GUI_DrawFilledRect                       0x00001f19   Thumb Code    84  gui.o(i.GUI_DrawFilledRect)
    GUI_DrawHortLine                         0x00001f71   Thumb Code    90  gui.o(i.GUI_DrawHortLine)
    GUI_Draw_Exe                             0x00001fd1   Thumb Code   170  gui.o(i.GUI_Draw_Exe)
    GUI_Init                                 0x00002081   Thumb Code    70  gui.o(i.GUI_Init)
    GUI_PrintChar                            0x000020cd   Thumb Code   676  gui.o(i.GUI_PrintChar)
    GUI_PrintString                          0x00002375   Thumb Code   128  gui.o(i.GUI_PrintString)
    GUI_SetColor                             0x000023f9   Thumb Code    30  gui.o(i.GUI_SetColor)
    GUI_SetFont                              0x0000241d   Thumb Code     6  gui.o(i.GUI_SetFont)
    GUI_SetFontBackColor                     0x00002429   Thumb Code    30  gui.o(i.GUI_SetFontBackColor)
    HardFault_Handler                        0x000024c5   Thumb Code    40  bsp.o(i.HardFault_Handler)
    I2C0_Handler                             0x00002501   Thumb Code    18  i2c.o(i.I2C0_Handler)
    I2C1_Handler                             0x00002519   Thumb Code    18  i2c.o(i.I2C1_Handler)
    I2C2_Handler                             0x00002531   Thumb Code    18  i2c.o(i.I2C2_Handler)
    I2C3_Handler                             0x00002549   Thumb Code    18  i2c.o(i.I2C3_Handler)
    I2CAddCallback                           0x00002561   Thumb Code     4  i2c.o(i.I2CAddCallback)
    I2CExpander_Init                         0x00002565   Thumb Code   104  i2c_sensors.o(i.I2CExpander_Init)
    I2CInit                                  0x000025d5   Thumb Code   248  i2c.o(i.I2CInit)
    I2CWrite                                 0x000026f9   Thumb Code    56  i2c.o(i.I2CWrite)
    IRQ_Init                                 0x00002731   Thumb Code    16  irq.o(i.IRQ_Init)
    LCD_AddCallback                          0x00002741   Thumb Code     6  lcd_st7735r.o(i.LCD_AddCallback)
    LCD_GetSize                              0x0000274d   Thumb Code    14  lcd_st7735r.o(i.LCD_GetSize)
    LCD_WriteDataPixel                       0x00002765   Thumb Code    90  lcd_st7735r.o(i.LCD_WriteDataPixel)
    LcdInit                                  0x000027d1   Thumb Code   692  lcd_st7735r.o(i.LcdInit)
    Port_Init                                0x00002a9d   Thumb Code  1608  hal.o(i.Port_Init)
    SSI0_Handler                             0x000031c9   Thumb Code    12  spim.o(i.SSI0_Handler)
    SSI1_Handler                             0x000031d9   Thumb Code    12  spim.o(i.SSI1_Handler)
    SSI2_Handler                             0x000031e9   Thumb Code    12  spim.o(i.SSI2_Handler)
    SSI3_Handler                             0x000031f9   Thumb Code    12  spim.o(i.SSI3_Handler)
    SpimAddCallbackTransferDone              0x00003209   Thumb Code     6  spim.o(i.SpimAddCallbackTransferDone)
    SpimInit                                 0x00003211   Thumb Code   676  spim.o(i.SpimInit)
    SpimSetDataSize                          0x000034cd   Thumb Code   378  spim.o(i.SpimSetDataSize)
    SpimTransfer                             0x00003647   Thumb Code    74  spim.o(i.SpimTransfer)
    SysTick_Handler                          0x00003691   Thumb Code   440  main.o(i.SysTick_Handler)
    SystemCoreClockUpdate                    0x000038c1   Thumb Code   196  system_tm4c123.o(i.SystemCoreClockUpdate)
    SystemInit                               0x00003995   Thumb Code   224  system_tm4c123.o(i.SystemInit)
    __ARM_fpclassify                         0x00003a81   Thumb Code    48  fpclassify.o(i.__ARM_fpclassify)
    _is_digit                                0x00003afd   Thumb Code    14  __printf_wp.o(i._is_digit)
    fputc                                    0x00003b0b   Thumb Code    16  retarget.o(i.fputc)
    main                                     0x00003e4d   Thumb Code  2650  main.o(i.main)
    main_cbI2C0Isdone                        0x00004dad   Thumb Code     8  main.o(i.main_cbI2C0Isdone)
    write_ASCII_UART0                        0x00004df9   Thumb Code    20  hal.o(i.write_ASCII_UART0)
    write_I2CExpander                        0x00004e11   Thumb Code   178  i2c_sensors.o(i.write_I2CExpander)
    _get_lc_numeric                          0x00004ecd   Thumb Code    44  lc_numeric_c.o(locale$$code)
    __aeabi_d2f                              0x00004ef9   Thumb Code     0  d2f.o(x$fpl$d2f)
    _d2f                                     0x00004ef9   Thumb Code    98  d2f.o(x$fpl$d2f)
    __aeabi_dadd                             0x00004f5d   Thumb Code     0  daddsub_clz.o(x$fpl$dadd)
    _dadd                                    0x00004f5d   Thumb Code   332  daddsub_clz.o(x$fpl$dadd)
    __fpl_dcmp_Inf                           0x000050ad   Thumb Code    24  dcmpi.o(x$fpl$dcmpinf)
    __aeabi_ddiv                             0x000050c5   Thumb Code     0  ddiv.o(x$fpl$ddiv)
    _ddiv                                    0x000050c5   Thumb Code   552  ddiv.o(x$fpl$ddiv)
    __aeabi_ui2d                             0x00005375   Thumb Code     0  dflt_clz.o(x$fpl$dfltu)
    _dfltu                                   0x00005375   Thumb Code    38  dflt_clz.o(x$fpl$dfltu)
    __aeabi_cdcmple                          0x0000539d   Thumb Code     0  dleqf.o(x$fpl$dleqf)
    _dcmple                                  0x0000539d   Thumb Code   120  dleqf.o(x$fpl$dleqf)
    __fpl_dcmple_InfNaN                      0x000053ff   Thumb Code     0  dleqf.o(x$fpl$dleqf)
    __aeabi_dmul                             0x00005415   Thumb Code     0  dmul.o(x$fpl$dmul)
    _dmul                                    0x00005415   Thumb Code   332  dmul.o(x$fpl$dmul)
    __fpl_dnaninf                            0x00005569   Thumb Code   156  dnaninf.o(x$fpl$dnaninf)
    __fpl_dretinf                            0x00005605   Thumb Code    12  dretinf.o(x$fpl$dretinf)
    __aeabi_cdrcmple                         0x00005611   Thumb Code     0  drleqf.o(x$fpl$drleqf)
    _drcmple                                 0x00005611   Thumb Code   108  drleqf.o(x$fpl$drleqf)
    __aeabi_dsub                             0x0000567d   Thumb Code     0  daddsub_clz.o(x$fpl$dsub)
    _dsub                                    0x0000567d   Thumb Code   464  daddsub_clz.o(x$fpl$dsub)
    __aeabi_f2d                              0x00005851   Thumb Code     0  f2d.o(x$fpl$f2d)
    _f2d                                     0x00005851   Thumb Code    86  f2d.o(x$fpl$f2d)
    __fpl_fnaninf                            0x000058a7   Thumb Code   140  fnaninf.o(x$fpl$fnaninf)
    _fp_init                                 0x00005933   Thumb Code    10  fpinit.o(x$fpl$fpinit)
    __fplib_config_fpu_vfp                   0x0000593b   Thumb Code     0  fpinit.o(x$fpl$fpinit)
    __fplib_config_pureend_doubles           0x0000593b   Thumb Code     0  fpinit.o(x$fpl$fpinit)
    __fpl_fretinf                            0x0000593d   Thumb Code    10  fretinf.o(x$fpl$fretinf)
    _printf_fp_dec                           0x00005947   Thumb Code     4  printf1.o(x$fpl$printf1)
    __I$use$fp                               0x0000594a   Number         0  usenofp.o(x$fpl$usenofp)
    bmpunlock_2                              0x0000594c   Data         770  main.o(.constdata)
    bmpunlock_1                              0x00005c4e   Data         730  main.o(.constdata)
    bmpopen1                                 0x00005f28   Data         832  main.o(.constdata)
    bmpopen2                                 0x00006268   Data         840  main.o(.constdata)
    fsm                                      0x000065b0   Data          64  main.o(.constdata)
    afsm                                     0x000065f0   Data          64  main.o(.constdata)
    FONT_Arialbold12                         0x00006c10   Data         200  fontarialbold12.o(.constdata)
    FONT_Arialbold24                         0x000076f4   Data         200  fontarialbold24.o(.constdata)
    g_sFontCalibri10                         0x00007c40   Data         200  font_calibri10.o(.constdata)
    Region$$Table$$Base                      0x00007db0   Number         0  anon$$obj.o(Region$$Table)
    Region$$Table$$Limit                     0x00007dd0   Number         0  anon$$obj.o(Region$$Table)
    Pt                                       0x20000000   Data           4  main.o(.data)
    cState                                   0x20000004   Data           1  main.o(.data)
    g_bI2C0IsBusy                            0x20000084   Data           4  main.o(.data)
    steps                                    0x20000144   Data           4  main.o(.data)
    frames                                   0x2000017c   Data           8  main.o(.data)
    open                                     0x20000184   Data           8  main.o(.data)
    __stdout                                 0x200001a8   Data           4  retarget.o(.data)
    SystemCoreClock                          0x200001ac   Data           4  system_tm4c123.o(.data)
    __libspace_start                         0x200022fc   Data          96  libspace.o(.bss)
    __temporary_stack_top$libspace           0x2000235c   Data           0  libspace.o(.bss)



==============================================================================

Memory Map of the image

  Image Entry point : 0x0000026d

  Load Region LR_IROM1 (Base: 0x00000000, Size: 0x00007fcc, Max: 0x00040000, ABSOLUTE, COMPRESSED[0x00007e38])

    Execution Region ER_IROM1 (Exec base: 0x00000000, Load base: 0x00000000, Size: 0x00007dec, Max: 0x00040000, ABSOLUTE)

    Exec Addr    Load Addr    Size         Type   Attr      Idx    E Section Name        Object

    0x00000000   0x00000000   0x0000026c   Data   RO          531    RESET               startup_tm4c123.o
    0x0000026c   0x0000026c   0x00000008   Code   RO          947  * !!!main             c_w.l(__main.o)
    0x00000274   0x00000274   0x00000034   Code   RO         1207    !!!scatter          c_w.l(__scatter.o)
    0x000002a8   0x000002a8   0x0000005a   Code   RO         1205    !!dczerorl2         c_w.l(__dczerorl2.o)
    0x00000302   0x00000302   0x00000002   PAD
    0x00000304   0x00000304   0x0000001c   Code   RO         1209    !!handler_zi        c_w.l(__scatter_zi.o)
    0x00000320   0x00000320   0x00000000   Code   RO          942    .ARM.Collect$$_printf_percent$$00000000  c_w.l(_printf_percent.o)
    0x00000320   0x00000320   0x00000006   Code   RO          941    .ARM.Collect$$_printf_percent$$00000003  c_w.l(_printf_f.o)
    0x00000326   0x00000326   0x00000006   Code   RO          939    .ARM.Collect$$_printf_percent$$00000009  c_w.l(_printf_d.o)
    0x0000032c   0x0000032c   0x00000006   Code   RO          940    .ARM.Collect$$_printf_percent$$0000000A  c_w.l(_printf_u.o)
    0x00000332   0x00000332   0x00000006   Code   RO          938    .ARM.Collect$$_printf_percent$$00000013  c_w.l(_printf_c.o)
    0x00000338   0x00000338   0x00000004   Code   RO          990    .ARM.Collect$$_printf_percent$$00000017  c_w.l(_printf_percent_end.o)
    0x0000033c   0x0000033c   0x00000002   Code   RO         1078    .ARM.Collect$$libinit$$00000000  c_w.l(libinit.o)
    0x0000033e   0x0000033e   0x00000004   Code   RO         1079    .ARM.Collect$$libinit$$00000001  c_w.l(libinit2.o)
    0x00000342   0x00000342   0x00000000   Code   RO         1082    .ARM.Collect$$libinit$$00000004  c_w.l(libinit2.o)
    0x00000342   0x00000342   0x00000000   Code   RO         1085    .ARM.Collect$$libinit$$0000000A  c_w.l(libinit2.o)
    0x00000342   0x00000342   0x00000000   Code   RO         1087    .ARM.Collect$$libinit$$0000000C  c_w.l(libinit2.o)
    0x00000342   0x00000342   0x00000000   Code   RO         1089    .ARM.Collect$$libinit$$0000000E  c_w.l(libinit2.o)
    0x00000342   0x00000342   0x00000006   Code   RO         1090    .ARM.Collect$$libinit$$0000000F  c_w.l(libinit2.o)
    0x00000348   0x00000348   0x00000000   Code   RO         1092    .ARM.Collect$$libinit$$00000011  c_w.l(libinit2.o)
    0x00000348   0x00000348   0x00000000   Code   RO         1094    .ARM.Collect$$libinit$$00000013  c_w.l(libinit2.o)
    0x00000348   0x00000348   0x00000000   Code   RO         1096    .ARM.Collect$$libinit$$00000015  c_w.l(libinit2.o)
    0x00000348   0x00000348   0x0000000a   Code   RO         1097    .ARM.Collect$$libinit$$00000016  c_w.l(libinit2.o)
    0x00000352   0x00000352   0x00000000   Code   RO         1098    .ARM.Collect$$libinit$$00000017  c_w.l(libinit2.o)
    0x00000352   0x00000352   0x00000000   Code   RO         1100    .ARM.Collect$$libinit$$00000019  c_w.l(libinit2.o)
    0x00000352   0x00000352   0x00000000   Code   RO         1102    .ARM.Collect$$libinit$$0000001B  c_w.l(libinit2.o)
    0x00000352   0x00000352   0x00000000   Code   RO         1104    .ARM.Collect$$libinit$$0000001D  c_w.l(libinit2.o)
    0x00000352   0x00000352   0x00000000   Code   RO         1106    .ARM.Collect$$libinit$$0000001F  c_w.l(libinit2.o)
    0x00000352   0x00000352   0x00000000   Code   RO         1108    .ARM.Collect$$libinit$$00000021  c_w.l(libinit2.o)
    0x00000352   0x00000352   0x00000000   Code   RO         1110    .ARM.Collect$$libinit$$00000023  c_w.l(libinit2.o)
    0x00000352   0x00000352   0x00000000   Code   RO         1112    .ARM.Collect$$libinit$$00000025  c_w.l(libinit2.o)
    0x00000352   0x00000352   0x00000000   Code   RO         1116    .ARM.Collect$$libinit$$0000002C  c_w.l(libinit2.o)
    0x00000352   0x00000352   0x00000000   Code   RO         1118    .ARM.Collect$$libinit$$0000002E  c_w.l(libinit2.o)
    0x00000352   0x00000352   0x00000000   Code   RO         1120    .ARM.Collect$$libinit$$00000030  c_w.l(libinit2.o)
    0x00000352   0x00000352   0x00000000   Code   RO         1122    .ARM.Collect$$libinit$$00000032  c_w.l(libinit2.o)
    0x00000352   0x00000352   0x00000002   Code   RO         1123    .ARM.Collect$$libinit$$00000033  c_w.l(libinit2.o)
    0x00000354   0x00000354   0x00000002   Code   RO         1153    .ARM.Collect$$libshutdown$$00000000  c_w.l(libshutdown.o)
    0x00000356   0x00000356   0x00000000   Code   RO         1164    .ARM.Collect$$libshutdown$$00000002  c_w.l(libshutdown2.o)
    0x00000356   0x00000356   0x00000000   Code   RO         1166    .ARM.Collect$$libshutdown$$00000004  c_w.l(libshutdown2.o)
    0x00000356   0x00000356   0x00000000   Code   RO         1169    .ARM.Collect$$libshutdown$$00000007  c_w.l(libshutdown2.o)
    0x00000356   0x00000356   0x00000000   Code   RO         1172    .ARM.Collect$$libshutdown$$0000000A  c_w.l(libshutdown2.o)
    0x00000356   0x00000356   0x00000000   Code   RO         1174    .ARM.Collect$$libshutdown$$0000000C  c_w.l(libshutdown2.o)
    0x00000356   0x00000356   0x00000000   Code   RO         1177    .ARM.Collect$$libshutdown$$0000000F  c_w.l(libshutdown2.o)
    0x00000356   0x00000356   0x00000002   Code   RO         1178    .ARM.Collect$$libshutdown$$00000010  c_w.l(libshutdown2.o)
    0x00000358   0x00000358   0x00000000   Code   RO          977    .ARM.Collect$$rtentry$$00000000  c_w.l(__rtentry.o)
    0x00000358   0x00000358   0x00000000   Code   RO         1003    .ARM.Collect$$rtentry$$00000002  c_w.l(__rtentry2.o)
    0x00000358   0x00000358   0x00000006   Code   RO         1015    .ARM.Collect$$rtentry$$00000004  c_w.l(__rtentry4.o)
    0x0000035e   0x0000035e   0x00000000   Code   RO         1005    .ARM.Collect$$rtentry$$00000009  c_w.l(__rtentry2.o)
    0x0000035e   0x0000035e   0x00000004   Code   RO         1006    .ARM.Collect$$rtentry$$0000000A  c_w.l(__rtentry2.o)
    0x00000362   0x00000362   0x00000000   Code   RO         1008    .ARM.Collect$$rtentry$$0000000C  c_w.l(__rtentry2.o)
    0x00000362   0x00000362   0x00000008   Code   RO         1009    .ARM.Collect$$rtentry$$0000000D  c_w.l(__rtentry2.o)
    0x0000036a   0x0000036a   0x00000002   Code   RO         1124    .ARM.Collect$$rtexit$$00000000  c_w.l(rtexit.o)
    0x0000036c   0x0000036c   0x00000000   Code   RO         1131    .ARM.Collect$$rtexit$$00000002  c_w.l(rtexit2.o)
    0x0000036c   0x0000036c   0x00000004   Code   RO         1132    .ARM.Collect$$rtexit$$00000003  c_w.l(rtexit2.o)
    0x00000370   0x00000370   0x00000006   Code   RO         1133    .ARM.Collect$$rtexit$$00000004  c_w.l(rtexit2.o)
    0x00000376   0x00000376   0x00000002   PAD
    0x00000378   0x00000378   0x00000114   Code   RO          532    .text               startup_tm4c123.o
    0x0000048c   0x0000048c   0x00000018   Code   RO          906    .text               c_w.l(noretval__2printf.o)
    0x000004a4   0x000004a4   0x00000028   Code   RO          908    .text               c_w.l(noretval__2sprintf.o)
    0x000004cc   0x000004cc   0x0000004e   Code   RO          912    .text               c_w.l(_printf_pad.o)
    0x0000051a   0x0000051a   0x00000052   Code   RO          914    .text               c_w.l(_printf_str.o)
    0x0000056c   0x0000056c   0x00000078   Code   RO          916    .text               c_w.l(_printf_dec.o)
    0x000005e4   0x000005e4   0x00000138   Code   RO          930    .text               c_w.l(__printf_flags_wp.o)
    0x0000071c   0x0000071c   0x0000003e   Code   RO          943    .text               c_w.l(strlen.o)
    0x0000075a   0x0000075a   0x00000006   Code   RO          945    .text               c_w.l(heapauxi.o)
    0x00000760   0x00000760   0x000000b2   Code   RO          978    .text               c_w.l(_printf_intcommon.o)
    0x00000812   0x00000812   0x0000041e   Code   RO          980    .text               c_w.l(_printf_fp_dec.o)
    0x00000c30   0x00000c30   0x00000030   Code   RO          982    .text               c_w.l(_printf_char_common.o)
    0x00000c60   0x00000c60   0x0000000a   Code   RO          984    .text               c_w.l(_sputc.o)
    0x00000c6a   0x00000c6a   0x0000002c   Code   RO          986    .text               c_w.l(_printf_char.o)
    0x00000c96   0x00000c96   0x00000002   PAD
    0x00000c98   0x00000c98   0x00000024   Code   RO          988    .text               c_w.l(_printf_char_file.o)
    0x00000cbc   0x00000cbc   0x00000008   Code   RO         1020    .text               c_w.l(rt_locale_intlibspace.o)
    0x00000cc4   0x00000cc4   0x0000008a   Code   RO         1022    .text               c_w.l(lludiv10.o)
    0x00000d4e   0x00000d4e   0x00000002   PAD
    0x00000d50   0x00000d50   0x00000080   Code   RO         1024    .text               c_w.l(_printf_fp_infnan.o)
    0x00000dd0   0x00000dd0   0x000000e4   Code   RO         1028    .text               c_w.l(bigflt0.o)
    0x00000eb4   0x00000eb4   0x00000008   Code   RO         1053    .text               c_w.l(ferror.o)
    0x00000ebc   0x00000ebc   0x00000008   Code   RO         1064    .text               c_w.l(libspace.o)
    0x00000ec4   0x00000ec4   0x0000004a   Code   RO         1067    .text               c_w.l(sys_stackheap_outer.o)
    0x00000f0e   0x00000f0e   0x00000012   Code   RO         1069    .text               c_w.l(exit.o)
    0x00000f20   0x00000f20   0x00000080   Code   RO         1071    .text               c_w.l(strcmpv7m.o)
    0x00000fa0   0x00000fa0   0x0000000c   Code   RO         1143    .text               c_w.l(sys_exit.o)
    0x00000fac   0x00000fac   0x00000002   Code   RO         1154    .text               c_w.l(use_no_semi.o)
    0x00000fae   0x00000fae   0x00000000   Code   RO         1156    .text               c_w.l(indicate_semi.o)
    0x00000fae   0x00000fae   0x0000003e   Code   RO         1031    CL$$btod_d2e        c_w.l(btod.o)
    0x00000fec   0x00000fec   0x00000046   Code   RO         1033    CL$$btod_d2e_denorm_low  c_w.l(btod.o)
    0x00001032   0x00001032   0x00000060   Code   RO         1032    CL$$btod_d2e_norm_op1  c_w.l(btod.o)
    0x00001092   0x00001092   0x00000338   Code   RO         1041    CL$$btod_div_common  c_w.l(btod.o)
    0x000013ca   0x000013ca   0x000000dc   Code   RO         1038    CL$$btod_e2e        c_w.l(btod.o)
    0x000014a6   0x000014a6   0x0000002a   Code   RO         1035    CL$$btod_ediv       c_w.l(btod.o)
    0x000014d0   0x000014d0   0x0000002a   Code   RO         1034    CL$$btod_emul       c_w.l(btod.o)
    0x000014fa   0x000014fa   0x00000244   Code   RO         1040    CL$$btod_mult_common  c_w.l(btod.o)
    0x0000173e   0x0000173e   0x00000002   PAD
    0x00001740   0x00001740   0x00000014   Code   RO          453    i.ADC0SS0_Handler   irq.o
    0x00001754   0x00001754   0x00000018   Code   RO            4    i.ADC0_IRQHandler   main.o
    0x0000176c   0x0000176c   0x00000048   Code   RO          665    i.AHT10_Init        i2c_sensors.o
    0x000017b4   0x000017b4   0x0000002c   Code   RO            5    i.GPIOF_Button_IRQHandler  main.o
    0x000017e0   0x000017e0   0x00000014   Code   RO          454    i.GPIOF_Handler     irq.o
    0x000017f4   0x000017f4   0x0000000c   Code   RO          734    i.GUI_16BitPerPixel  DPGUI_KEIL_CM4_V11.lib(gui.o)
    0x00001800   0x00001800   0x0000000c   Code   RO          735    i.GUI_AddCbFrameEnd  DPGUI_KEIL_CM4_V11.lib(gui.o)
    0x0000180c   0x0000180c   0x000005d0   Code   RO            6    i.GUI_AppDraw       main.o
    0x00001ddc   0x00001ddc   0x00000064   Code   RO          736    i.GUI_Clear         DPGUI_KEIL_CM4_V11.lib(gui.o)
    0x00001e40   0x00001e40   0x000000d8   Code   RO          737    i.GUI_DrawBitmap    DPGUI_KEIL_CM4_V11.lib(gui.o)
    0x00001f18   0x00001f18   0x00000058   Code   RO          740    i.GUI_DrawFilledRect  DPGUI_KEIL_CM4_V11.lib(gui.o)
    0x00001f70   0x00001f70   0x00000060   Code   RO          741    i.GUI_DrawHortLine  DPGUI_KEIL_CM4_V11.lib(gui.o)
    0x00001fd0   0x00001fd0   0x000000b0   Code   RO          745    i.GUI_Draw_Exe      DPGUI_KEIL_CM4_V11.lib(gui.o)
    0x00002080   0x00002080   0x0000004c   Code   RO          746    i.GUI_Init          DPGUI_KEIL_CM4_V11.lib(gui.o)
    0x000020cc   0x000020cc   0x000002a8   Code   RO          747    i.GUI_PrintChar     DPGUI_KEIL_CM4_V11.lib(gui.o)
    0x00002374   0x00002374   0x00000084   Code   RO          748    i.GUI_PrintString   DPGUI_KEIL_CM4_V11.lib(gui.o)
    0x000023f8   0x000023f8   0x00000024   Code   RO          749    i.GUI_SetColor      DPGUI_KEIL_CM4_V11.lib(gui.o)
    0x0000241c   0x0000241c   0x0000000c   Code   RO          750    i.GUI_SetFont       DPGUI_KEIL_CM4_V11.lib(gui.o)
    0x00002428   0x00002428   0x00000024   Code   RO          751    i.GUI_SetFontBackColor  DPGUI_KEIL_CM4_V11.lib(gui.o)
    0x0000244c   0x0000244c   0x00000078   Code   RO          753    i.GUI_WriteMem      DPGUI_KEIL_CM4_V11.lib(gui.o)
    0x000024c4   0x000024c4   0x0000003c   Code   RO          374    i.HardFault_Handler  bsp.o
    0x00002500   0x00002500   0x00000018   Code   RO          781    i.I2C0_Handler      i2c.lib(i2c.o)
    0x00002518   0x00002518   0x00000018   Code   RO          782    i.I2C1_Handler      i2c.lib(i2c.o)
    0x00002530   0x00002530   0x00000018   Code   RO          783    i.I2C2_Handler      i2c.lib(i2c.o)
    0x00002548   0x00002548   0x00000018   Code   RO          784    i.I2C3_Handler      i2c.lib(i2c.o)
    0x00002560   0x00002560   0x00000004   Code   RO          785    i.I2CAddCallback    i2c.lib(i2c.o)
    0x00002564   0x00002564   0x00000070   Code   RO          666    i.I2CExpander_Init  i2c_sensors.o
    0x000025d4   0x000025d4   0x00000124   Code   RO          786    i.I2CInit           i2c.lib(i2c.o)
    0x000026f8   0x000026f8   0x00000038   Code   RO          788    i.I2CWrite          i2c.lib(i2c.o)
    0x00002730   0x00002730   0x00000010   Code   RO          455    i.IRQ_Init          irq.o
    0x00002740   0x00002740   0x0000000c   Code   RO          181    i.LCD_AddCallback   lcd_st7735r.o
    0x0000274c   0x0000274c   0x00000018   Code   RO          182    i.LCD_GetSize       lcd_st7735r.o
    0x00002764   0x00002764   0x0000006c   Code   RO          185    i.LCD_WriteDataPixel  lcd_st7735r.o
    0x000027d0   0x000027d0   0x000002cc   Code   RO          186    i.LcdInit           lcd_st7735r.o
    0x00002a9c   0x00002a9c   0x00000684   Code   RO          416    i.Port_Init         hal.o
    0x00003120   0x00003120   0x000000a6   Code   RO          576    i.SPI_Handler       spim.o
    0x000031c6   0x000031c6   0x00000002   PAD
    0x000031c8   0x000031c8   0x00000010   Code   RO          577    i.SSI0_Handler      spim.o
    0x000031d8   0x000031d8   0x00000010   Code   RO          578    i.SSI1_Handler      spim.o
    0x000031e8   0x000031e8   0x00000010   Code   RO          579    i.SSI2_Handler      spim.o
    0x000031f8   0x000031f8   0x00000010   Code   RO          580    i.SSI3_Handler      spim.o
    0x00003208   0x00003208   0x00000006   Code   RO          581    i.SpimAddCallbackTransferDone  spim.o
    0x0000320e   0x0000320e   0x00000002   PAD
    0x00003210   0x00003210   0x000002bc   Code   RO          582    i.SpimInit          spim.o
    0x000034cc   0x000034cc   0x0000017a   Code   RO          583    i.SpimSetDataSize   spim.o
    0x00003646   0x00003646   0x0000004a   Code   RO          585    i.SpimTransfer      spim.o
    0x00003690   0x00003690   0x00000230   Code   RO            7    i.SysTick_Handler   main.o
    0x000038c0   0x000038c0   0x000000d4   Code   RO          539    i.SystemCoreClockUpdate  system_tm4c123.o
    0x00003994   0x00003994   0x000000ec   Code   RO          540    i.SystemInit        system_tm4c123.o
    0x00003a80   0x00003a80   0x00000030   Code   RO         1062    i.__ARM_fpclassify  m_wm.l(fpclassify.o)
    0x00003ab0   0x00003ab0   0x00000022   Code   RO          456    i.__NVIC_EnableIRQ  irq.o
    0x00003ad2   0x00003ad2   0x00000002   PAD
    0x00003ad4   0x00003ad4   0x00000028   Code   RO            8    i.__NVIC_SetPriority  main.o
    0x00003afc   0x00003afc   0x0000000e   Code   RO          928    i._is_digit         c_w.l(__printf_wp.o)
    0x00003b0a   0x00003b0a   0x00000010   Code   RO          501    i.fputc             retarget.o
    0x00003b1a   0x00003b1a   0x000001a6   Code   RO          789    i.i2c_IRQHandler    i2c.lib(i2c.o)
    0x00003cc0   0x00003cc0   0x00000028   Code   RO          187    i.lcd_Delayms       lcd_st7735r.o
    0x00003ce8   0x00003ce8   0x00000068   Code   RO          188    i.lcd_WriteCmd      lcd_st7735r.o
    0x00003d50   0x00003d50   0x00000068   Code   RO          189    i.lcd_WriteData     lcd_st7735r.o
    0x00003db8   0x00003db8   0x00000060   Code   RO          190    i.lcd_WriteMultipleByte  lcd_st7735r.o
    0x00003e18   0x00003e18   0x00000034   Code   RO          191    i.lcd_cbSpiDone     lcd_st7735r.o
    0x00003e4c   0x00003e4c   0x00000a94   Code   RO            9    i.main              main.o
    0x000048e0   0x000048e0   0x00000074   Code   RO           10    i.main_AdcInit      main.o
    0x00004954   0x00004954   0x0000015c   Code   RO           11    i.main_AdcUpdate    main.o
    0x00004ab0   0x00004ab0   0x00000270   Code   RO           12    i.main_KeyScan      main.o
    0x00004d20   0x00004d20   0x00000080   Code   RO           13    i.main_LcdInit      main.o
    0x00004da0   0x00004da0   0x0000000c   Code   RO           14    i.main_cbGuiFrameEnd  main.o
    0x00004dac   0x00004dac   0x0000000c   Code   RO           15    i.main_cbI2C0Isdone  main.o
    0x00004db8   0x00004db8   0x0000000c   Code   RO           16    i.main_cbLcdTransferDone  main.o
    0x00004dc4   0x00004dc4   0x00000034   Code   RO           17    i.motor_output      main.o
    0x00004df8   0x00004df8   0x00000018   Code   RO          417    i.write_ASCII_UART0  hal.o
    0x00004e10   0x00004e10   0x000000bc   Code   RO          668    i.write_I2CExpander  i2c_sensors.o
    0x00004ecc   0x00004ecc   0x0000002c   Code   RO         1058    locale$$code        c_w.l(lc_numeric_c.o)
    0x00004ef8   0x00004ef8   0x00000062   Code   RO          949    x$fpl$d2f           fz_wm.l(d2f.o)
    0x00004f5a   0x00004f5a   0x00000002   PAD
    0x00004f5c   0x00004f5c   0x00000150   Code   RO          951    x$fpl$dadd          fz_wm.l(daddsub_clz.o)
    0x000050ac   0x000050ac   0x00000018   Code   RO          991    x$fpl$dcmpinf       fz_wm.l(dcmpi.o)
    0x000050c4   0x000050c4   0x000002b0   Code   RO          958    x$fpl$ddiv          fz_wm.l(ddiv.o)
    0x00005374   0x00005374   0x00000026   Code   RO          961    x$fpl$dfltu         fz_wm.l(dflt_clz.o)
    0x0000539a   0x0000539a   0x00000002   PAD
    0x0000539c   0x0000539c   0x00000078   Code   RO          967    x$fpl$dleqf         fz_wm.l(dleqf.o)
    0x00005414   0x00005414   0x00000154   Code   RO          969    x$fpl$dmul          fz_wm.l(dmul.o)
    0x00005568   0x00005568   0x0000009c   Code   RO          993    x$fpl$dnaninf       fz_wm.l(dnaninf.o)
    0x00005604   0x00005604   0x0000000c   Code   RO          995    x$fpl$dretinf       fz_wm.l(dretinf.o)
    0x00005610   0x00005610   0x0000006c   Code   RO          971    x$fpl$drleqf        fz_wm.l(drleqf.o)
    0x0000567c   0x0000567c   0x000001d4   Code   RO          953    x$fpl$dsub          fz_wm.l(daddsub_clz.o)
    0x00005850   0x00005850   0x00000056   Code   RO          973    x$fpl$f2d           fz_wm.l(f2d.o)
    0x000058a6   0x000058a6   0x0000008c   Code   RO          997    x$fpl$fnaninf       fz_wm.l(fnaninf.o)
    0x00005932   0x00005932   0x0000000a   Code   RO         1128    x$fpl$fpinit        fz_wm.l(fpinit.o)
    0x0000593c   0x0000593c   0x0000000a   Code   RO          999    x$fpl$fretinf       fz_wm.l(fretinf.o)
    0x00005946   0x00005946   0x00000004   Code   RO          975    x$fpl$printf1       fz_wm.l(printf1.o)
    0x0000594a   0x0000594a   0x00000000   Code   RO         1001    x$fpl$usenofp       fz_wm.l(usenofp.o)
    0x0000594a   0x0000594a   0x00000002   PAD
    0x0000594c   0x0000594c   0x00000ce4   Data   RO           19    .constdata          main.o
    0x00006630   0x00006630   0x000006a8   Data   RO          323    .constdata          fontarialbold12.o
    0x00006cd8   0x00006cd8   0x00000ae4   Data   RO          348    .constdata          fontarialbold24.o
    0x000077bc   0x000077bc   0x0000006c   Data   RO          541    .constdata          system_tm4c123.o
    0x00007828   0x00007828   0x00000417   Data   RO          726    .constdata          DPGUI_KEIL_CM4_V11.lib(font_calibri10.o)
    0x00007c3f   0x00007c3f   0x00000001   PAD
    0x00007c40   0x00007c40   0x000000c8   Data   RO          727    .constdata          DPGUI_KEIL_CM4_V11.lib(font_calibri10.o)
    0x00007d08   0x00007d08   0x00000011   Data   RO          931    .constdata          c_w.l(__printf_flags_wp.o)
    0x00007d19   0x00007d19   0x00000003   PAD
    0x00007d1c   0x00007d1c   0x00000094   Data   RO         1029    .constdata          c_w.l(bigflt0.o)
    0x00007db0   0x00007db0   0x00000020   Data   RO         1203    Region$$Table       anon$$obj.o
    0x00007dd0   0x00007dd0   0x0000001c   Data   RO         1057    locale$$data        c_w.l(lc_numeric_c.o)


    Execution Region RW_IRAM1 (Exec base: 0x20000000, Load base: 0x00007dec, Size: 0x00002d60, Max: 0x00008000, ABSOLUTE, COMPRESSED[0x0000004c])

    Exec Addr    Load Addr    Size         Type   Attr      Idx    E Section Name        Object

    0x20000000   COMPRESSED   0x00000190   Data   RW           20    .data               main.o
    0x20000190   COMPRESSED   0x00000016   Data   RW          193    .data               lcd_st7735r.o
    0x200001a6   COMPRESSED   0x00000002   PAD
    0x200001a8   COMPRESSED   0x00000004   Data   RW          502    .data               retarget.o
    0x200001ac   COMPRESSED   0x00000004   Data   RW          542    .data               system_tm4c123.o
    0x200001b0   COMPRESSED   0x00000014   Data   RW          669    .data               i2c_sensors.o
    0x200001c4   COMPRESSED   0x0000001c   Data   RW          754    .data               DPGUI_KEIL_CM4_V11.lib(gui.o)
    0x200001e0        -       0x000020bc   Zero   RW           18    .bss                main.o
    0x2000229c        -       0x00000040   Zero   RW          192    .bss                lcd_st7735r.o
    0x200022dc        -       0x00000010   Zero   RW          586    .bss                spim.o
    0x200022ec        -       0x00000010   Zero   RW          790    .bss                i2c.lib(i2c.o)
    0x200022fc        -       0x00000060   Zero   RW         1065    .bss                c_w.l(libspace.o)
    0x2000235c   COMPRESSED   0x00000004   PAD
    0x20002360        -       0x00000000   Zero   RW          530    HEAP                startup_tm4c123.o
    0x20002360        -       0x00000a00   Zero   RW          529    STACK               startup_tm4c123.o


==============================================================================

Image component sizes


      Code (inc. data)   RO Data    RW Data    ZI Data      Debug   Object Name

        60         20          0          0          0      30875   bsp.o
         0          0       1704          0          0       6489   fontarialbold12.o
         0          0       2788          0          0       6489   fontarialbold24.o
      1692        124          0          0          0       1832   hal.o
       372         48          0         20          0       6284   i2c_sensors.o
        90         12          0          0          0       2557   irq.o
      1256        124          0         22         64     184335   lcd_st7735r.o
      6168       1134       3300        400       8380     237734   main.o
        16          0          0          4          0       2730   retarget.o
      1388         68          0          0         16      38961   spim.o
       276         24        620          0       2560       5572   startup_tm4c123.o
       448         28        108          4          0       2655   system_tm4c123.o

    ----------------------------------------------------------------------
     11772       1582       8552        452      11020     526513   Object Totals
         0          0         32          0          0          0   (incl. Generated)
         6          0          0          2          0          0   (incl. Padding)

    ----------------------------------------------------------------------

      Code (inc. data)   RO Data    RW Data    ZI Data      Debug   Library Member Name

         0          0       1247          0          0          0   font_calibri10.o
      1792         76          0         28          0       1820   gui.o
        90          0          0          0          0          0   __dczerorl2.o
         8          0          0          0          0         68   __main.o
       312          4         17          0          0         92   __printf_flags_wp.o
        14          0          0          0          0         68   __printf_wp.o
         0          0          0          0          0          0   __rtentry.o
        12          0          0          0          0          0   __rtentry2.o
         6          0          0          0          0          0   __rtentry4.o
        52          8          0          0          0          0   __scatter.o
        28          0          0          0          0          0   __scatter_zi.o
         6          0          0          0          0          0   _printf_c.o
        44          0          0          0          0        108   _printf_char.o
        48          6          0          0          0         96   _printf_char_common.o
        36          4          0          0          0         80   _printf_char_file.o
         6          0          0          0          0          0   _printf_d.o
       120         16          0          0          0         92   _printf_dec.o
         6          0          0          0          0          0   _printf_f.o
      1054          0          0          0          0        216   _printf_fp_dec.o
       128         16          0          0          0         84   _printf_fp_infnan.o
       178          0          0          0          0         88   _printf_intcommon.o
        78          0          0          0          0        108   _printf_pad.o
         0          0          0          0          0          0   _printf_percent.o
         4          0          0          0          0          0   _printf_percent_end.o
        82          0          0          0          0         80   _printf_str.o
         6          0          0          0          0          0   _printf_u.o
        10          0          0          0          0         68   _sputc.o
       228          4        148          0          0         96   bigflt0.o
      1936        128          0          0          0        672   btod.o
        18          0          0          0          0         80   exit.o
         8          0          0          0          0         68   ferror.o
         6          0          0          0          0        152   heapauxi.o
         0          0          0          0          0          0   indicate_semi.o
        44         10         28          0          0         76   lc_numeric_c.o
         2          0          0          0          0          0   libinit.o
        22          0          0          0          0          0   libinit2.o
         2          0          0          0          0          0   libshutdown.o
         2          0          0          0          0          0   libshutdown2.o
         8          4          0          0         96         68   libspace.o
       138          0          0          0          0         80   lludiv10.o
        24          4          0          0          0         84   noretval__2printf.o
        40          6          0          0          0         84   noretval__2sprintf.o
         8          4          0          0          0         68   rt_locale_intlibspace.o
         2          0          0          0          0          0   rtexit.o
        10          0          0          0          0          0   rtexit2.o
       128          0          0          0          0         68   strcmpv7m.o
        62          0          0          0          0         76   strlen.o
        12          4          0          0          0         68   sys_exit.o
        74          0          0          0          0         80   sys_stackheap_outer.o
         2          0          0          0          0         68   use_no_semi.o
        98          4          0          0          0        140   d2f.o
       804         16          0          0          0        368   daddsub_clz.o
        24          0          0          0          0        116   dcmpi.o
       688        140          0          0          0        256   ddiv.o
        38          0          0          0          0        116   dflt_clz.o
       120          4          0          0          0        140   dleqf.o
       340         12          0          0          0        152   dmul.o
       156          4          0          0          0        140   dnaninf.o
        12          0          0          0          0        116   dretinf.o
       108          0          0          0          0        128   drleqf.o
        86          4          0          0          0        132   f2d.o
       140          4          0          0          0        132   fnaninf.o
        10          0          0          0          0        116   fpinit.o
        10          0          0          0          0        116   fretinf.o
         4          0          0          0          0        116   printf1.o
         0          0          0          0          0          0   usenofp.o
       870         74          0          0         16     216207   i2c.o
        48          0          0          0          0        124   fpclassify.o

    ----------------------------------------------------------------------
     10468        556       1444         28        116     223571   Library Totals
        16          0          4          0          4          0   (incl. Padding)

    ----------------------------------------------------------------------

      Code (inc. data)   RO Data    RW Data    ZI Data      Debug   Library Name

      1792         76       1247         28          0       1820   DPGUI_KEIL_CM4_V11.lib
      5104        218        193          0         96       3136   c_w.l
      2638        188          0          0          0       2284   fz_wm.l
       870         74          0          0         16     216207   i2c.lib
        48          0          0          0          0        124   m_wm.l

    ----------------------------------------------------------------------
     10468        556       1444         28        116     223571   Library Totals

    ----------------------------------------------------------------------

==============================================================================


      Code (inc. data)   RO Data    RW Data    ZI Data      Debug   

     22240       2138       9996        480      11136     740668   Grand Totals
     22240       2138       9996         76      11136     740668   ELF Image Totals (compressed)
     22240       2138       9996         76          0          0   ROM Totals

==============================================================================

    Total RO  Size (Code + RO Data)                32236 (  31.48kB)
    Total RW  Size (RW Data + ZI Data)             11616 (  11.34kB)
    Total ROM Size (Code + RO Data + RW Data)      32312 (  31.55kB)

==============================================================================

